<?xml version="1.0" encoding="UTF-8"?>
<testsuites name="Mocha Tests" time="0.028999999999999998" tests="2" failures="0">
  <testsuite name="Root Suite" timestamp="2017-04-26T22:58:40" tests="0" failures="0" time="0">
  </testsuite>
  <testsuite name="Express endpoint tests" timestamp="2017-04-26T22:58:40" tests="2" file="/home/aaron/abatilo/loop-sample/test/test.js" failures="0" time="0.028999999999999998">
    <testcase name="Express endpoint tests responds to /" time="0.019" classname="responds to /">
    </testcase>
    <testcase name="Express endpoint tests 404 to everything else" time="0.01" classname="404 to everything else">
    </testcase>
  </testsuite>
</testsuites>